{"kind": "pipeline", "name": "build", "steps": [{"name": "my_step", "image": "my_image", "commands": ["my_command"]}]}